#separator \x09
#set_separator	,
#empty_field	(empty)
#unset_field	-
#path	ocsp
#open	2026-09-05-01-44-04
#fields	ts	id	hashAlgorithm	issuerNameHash	issuerKeyHash	serialNumber	certStatus	revoketime	revokereason	thisUpdate	nextUpdate
#types	time	string	string	string	string	string	string	time	string	time	time
1786241269.335032	FHthjd17dEXWZGs3G6	sha1	A7C4B8B3DC5BB5581EA7D7F13AC569F56F48D789	748580C066C7DF37DECFBD2937AA031DBEEDCD17	0FCFC8EBD753E50168F7B62584EBCF68	good	-	-	1786231260.000000	1786832460.000000
1786241275.181056	F6BprTTPKpp2bgaU2	sha1	1580966A099DCDAF6D8948B10B78DC4BFF67DE57	540CBCEC18F77DF103E284BE34644467CF751F65	43002E0C813192ED652B694A7C0000002E0C81	good	-	-	1785945071.000000	1786549871.000000
1786241275.258805	FsNTHs3UvELvFLvxa1	sha1	1580966A099DCDAF6D8948B10B78DC4BFF67DE57	540CBCEC18F77DF103E284BE34644467CF751F65	43002E0C813192ED652B694A7C0000002E0C81	good	-	-	1785945071.000000	1786549871.000000
1786241275.332476	Fqeo8B44UhsR2lZK42	sha1	1580966A099DCDAF6D8948B10B78DC4BFF67DE57	540CBCEC18F77DF103E284BE34644467CF751F65	43002E0C813192ED652B694A7C0000002E0C81	good	-	-	1785945071.000000	1786549871.000000
1786241305.097579	FortsUih3QKDmENY	sha1	1580966A099DCDAF6D8948B10B78DC4BFF67DE57	540CBCEC18F77DF103E284BE34644467CF751F65	43002E0C813192ED652B694A7C0000002E0C81	good	-	-	1785945071.000000	1786549871.000000
1786241311.995065	FeG8aY2h45SMiHZfbg	sha1	A7C4B8B3DC5BB5581EA7D7F13AC569F56F48D789	748580C066C7DF37DECFBD2937AA031DBEEDCD17	0FCFC8EBD753E50168F7B62584EBCF68	good	-	-	1786144860.000000	1786746060.000000
1786241331.125233	F1Qo9VwDSp2fWjYL4	sha1	1580966A099DCDAF6D8948B10B78DC4BFF67DE57	540CBCEC18F77DF103E284BE34644467CF751F65	43002E0C813192ED652B694A7C0000002E0C81	good	-	-	1785945071.000000	1786549871.000000
1786241358.199207	FHxidL3o4dVwqQMWPf	sha1	61C14498D31FCBB8B1C980A74B7E096A03CBE9FB	D04C83D18E712E3D34B1FF9B792C8E74D4E27806	49002C1CC91AAF50FD9F4F29670000002C1CC9	good	-	-	1785770718.000000	1786375518.000000
1786241373.004994	F2qKLV38xO7BfF9Vnk	sha1	1580966A099DCDAF6D8948B10B78DC4BFF67DE57	540CBCEC18F77DF103E284BE34644467CF751F65	43002E0C813192ED652B694A7C0000002E0C81	good	-	-	1785945071.000000	1786549871.000000
1786241669.024562	FrFLuP2lQvsU8QjTM1	sha1	61C14498D31FCBB8B1C980A74B7E096A03CBE9FB	D04C83D18E712E3D34B1FF9B792C8E74D4E27806	49003F3842AC8E85F7072D181D0000003F3842	good	-	-	1786091921.000000	1786696721.000000
1786241671.234466	F81tbc3QnzRQMJBrMg	sha1	34711AABC831A446F557713687C716C08AA381E8	B82F33A67C514F7F1F2DD5C8154238A4B20E8F2F	41008090ED07DEC78CE0B405CD0000008090ED	good	-	-	1786128567.000000	1786733367.000000
1786241758.305006	FVQqO74KY8aJEvZ7ac	sha1	1580966A099DCDAF6D8948B10B78DC4BFF67DE57	540CBCEC18F77DF103E284BE34644467CF751F65	43002E0C813192ED652B694A7C0000002E0C81	good	-	-	1785945071.000000	1786549871.000000
1786241758.309825	FDhl3e40V83Ifw0nlk	sha1	1580966A099DCDAF6D8948B10B78DC4BFF67DE57	540CBCEC18F77DF103E284BE34644467CF751F65	43002E0C813192ED652B694A7C0000002E0C81	good	-	-	1785945071.000000	1786549871.000000
1786241758.381804	Fdl9BEdhxpEC8VhM1	sha1	1580966A099DCDAF6D8948B10B78DC4BFF67DE57	540CBCEC18F77DF103E284BE34644467CF751F65	43002E0C813192ED652B694A7C0000002E0C81	good	-	-	1785945071.000000	1786549871.000000
1786241758.381931	FDSEOi2nDfNWvIRQY3	sha1	1580966A099DCDAF6D8948B10B78DC4BFF67DE57	540CBCEC18F77DF103E284BE34644467CF751F65	43002E0C813192ED652B694A7C0000002E0C81	good	-	-	1785945071.000000	1786549871.000000
1786241788.217878	FExJ5KMMclLSLUMOk	sha1	1580966A099DCDAF6D8948B10B78DC4BFF67DE57	540CBCEC18F77DF103E284BE34644467CF751F65	43002E0C813192ED652B694A7C0000002E0C81	good	-	-	1785945071.000000	1786549871.000000
1786241882.523539	FWhLWF3aagEsuedaVa	sha1	1580966A099DCDAF6D8948B10B78DC4BFF67DE57	540CBCEC18F77DF103E284BE34644467CF751F65	43002E0C813192ED652B694A7C0000002E0C81	good	-	-	1785945071.000000	1786549871.000000
1786241884.560110	F0ljo72K9vL7KyIgK1	sha1	1580966A099DCDAF6D8948B10B78DC4BFF67DE57	540CBCEC18F77DF103E284BE34644467CF751F65	43002E0C813192ED652B694A7C0000002E0C81	good	-	-	1785945071.000000	1786549871.000000
1786241910.884593	FzaMIU2ciwYCDZqOt4	sha1	E517A98D1DBA919C4FD007C811A712863B0BA864	0639F056D1ED90C836A3A00F94FE6294A7E6FC37	550004423E91DAA1F9E91C7E0A00000004423E	good	-	-	1786102254.000000	1786707054.000000
1786241911.154793	FC9GFz3py9w3ndxCE9	sha1	E517A98D1DBA919C4FD007C811A712863B0BA864	0639F056D1ED90C836A3A00F94FE6294A7E6FC37	550004423E91DAA1F9E91C7E0A00000004423E	good	-	-	1786102254.000000	1786707054.000000
1786241912.185525	FC6yve3YMEcNm643uc	sha1	1580966A099DCDAF6D8948B10B78DC4BFF67DE57	540CBCEC18F77DF103E284BE34644467CF751F65	43002E0C813192ED652B694A7C0000002E0C81	good	-	-	1785945071.000000	1786549871.000000
1786241942.358354	FR1jjB3cdpFq2c0MWb	sha1	1580966A099DCDAF6D8948B10B78DC4BFF67DE57	540CBCEC18F77DF103E284BE34644467CF751F65	43002E0C813192ED652B694A7C0000002E0C81	good	-	-	1785945071.000000	1786549871.000000
#close	2026-09-05-01-44-04
